
> salud-directa@0.1.0 build
> next build

npm :  ÔÜá Invalid next.config.js options detected: 
En línea: 1 Carácter: 1
+ npm run build > build_output.txt 2>&1 ; Get-Content build_output.txt  ...
+ ~~~~~~~~~~~~~~~~~~~~~~~~~~~~~~~~~~~~~
    + CategoryInfo          : NotSpecified: ( ÔÜá Invalid ne...ions detected: :String) [], RemoteException
    + FullyQualifiedErrorId : NativeCommandError
 
 ÔÜá     Unrecognized key(s) in object: 'appDir' at "experimental"
 ÔÜá See more info here: https://nextjs.org/docs/messages/invalid-next-config
 ÔÜá Warning: Next.js inferred your workspace root, but it may not be correct.
 We detected multiple lockfiles and selected the directory of E:\Proyectos\package-lock.json as the root directory.
 To silence this warning, set `outputFileTracingRoot` in your Next.js config, or consider removing one of the lockfiles if it's not 
needed.
   See https://nextjs.org/docs/app/api-reference/config/next-config-js/output#caveats for more information.
 Detected additional lockfiles: 
   * E:\Proyectos\SaludDirecta\package-lock.json

   Ôû▓ Next.js 15.5.2
   - Environments: .env.local
   - Experiments (use with caution):
     Ô£ô appDir

   Creating an optimized production build ...
Failed to compile.

./src/app/inventory/categories/page.tsx
Error:   [31mx[0m Unexpected token. Did you mean `{'}'}` or `&rbrace;`?
     ,-[[36;1;4mE:\Proyectos\SaludDirecta\src\app\inventory\categories\page.tsx[0m:471:1]
 [2m468[0m |       </Dialog>
 [2m469[0m |     </div>
 [2m470[0m |   );
 [2m471[0m | }
     : [35;1m^[0m
     `----
  [31mx[0m Unexpected eof
     ,-[[36;1;4mE:\Proyectos\SaludDirecta\src\app\inventory\categories\page.tsx[0m:471:4]
 [2m469[0m |     </div>
 [2m470[0m |   );
 [2m471[0m | }
     `----

Caused by:
    Syntax Error

Import trace for requested module:
./src/app/inventory/categories/page.tsx


> Build failed because of webpack errors
